STRING,INTEGER,NUMERIC,FLOAT,BOOLEAN,DATE,TIMESTAMP,/table.parquet,new_column
"two","2","2.2","2.22","false","2023-02-01","2023-02-01 12:00:00","/table.parquet","2"
"three","3","3.3","3.33","true","2023-03-01","2023-03-01 12:00:00","/table.parquet","2"
"four","4","4.4","4.44","false","2023-04-01","2023-04-01 12:00:00","/table.parquet","2"
"five","5","5.5","5.55","true","2023-05-01","2023-05-01 12:00:00","/table.parquet","2"
"six","6","6.1","6.11","true","2023-01-01","2023-01-01 12:00:00","/table2.parquet","2"
"seven","7","7.2","7.22","false","2023-02-01","2023-02-01 12:00:00","/table2.parquet","2"
"eight","8","8.3","8.33","true","2023-03-01","2023-03-01 12:00:00","/table2.parquet","2"
"nine","9","9.4","9.44","false","2023-04-01","2023-04-01 12:00:00","/table2.parquet","2"
"ten","10","10.5","10.55","true","2023-05-01","2023-05-01 12:00:00","/table2.parquet","2"
