Timestamp,Email_Address,Vase_cele_jmeno,Nazev_vaseho_Tribu__oddeleni,Role,new_column
"3/10/2021 17:03:14","1","A","Digital Sales","a","2"
"3/12/2021 15:15:16","2","B","Data tribe","a","2"
"3/24/2021 12:49:15","3","c","Wealth Mangement","Data Specialist","2"
"4/9/2021 11:21:30","4","d","TEST","Data Scientist","2"
"4/13/2021 12:25:25","5","e","Wealth Management","Sr. Data Developer","2"
"6/4/2021 17:35:58","6","f","Tribe Personalizace","Product Owner","2"
